cargo :     Checking vsd v0.5.0 (C:\
Users\apoor\usr\workdesk\public\vsd\
vsd)
At line:1 char:1
+ cargo check -p vsd 2>&1 | 
Out-File -FilePath errors.txt; 
Get-Content  ...
+ ~~~~~~~~~~~~~~~~~~~~~~~
    + CategoryInfo          : NotSp 
   ecified: (    Checking vs...pub  
  lic\vsd\vsd):String) [], Remote   
 Exception
    + FullyQualifiedErrorId : Nativ 
   eCommandError
 
error[E0502]: cannot borrow 
`self.selected_indices` as mutable 
because it is also borrowed as 
immutable
  --> 
vsd\src\stream_selector.rs:55:17
   |
51 |         let vid_streams: 
Vec<_> = self.streams_by_type(MediaT
ype::Video).collect();
   |                                
   ---- immutable borrow occurs here
...
54 |             for (i, _) in 
&vid_streams {
   |                           
------------ immutable borrow later 
used here
55 |                 
self.selected_indices.insert(*i);
   |                 
^^^^^^^^^^^^^^^^^^^^^^^^^^^^^^^^ 
mutable borrow occurs here

error[E0502]: cannot borrow 
`self.selected_indices` as mutable 
because it is also borrowed as 
immutable
  --> 
vsd\src\stream_selector.rs:93:21
   |
51 |         let vid_streams: 
Vec<_> = self.streams_by_type(MediaT
ype::Video).collect();
   |                                
   ---- immutable borrow occurs here
...
91 |             for (i, _) in 
&vid_streams {
   |                           
------------ immutable borrow later 
used here
92 |                 if 
!indices.contains(i) {
93 |                     
self.selected_indices.insert(*i);
   |                     
^^^^^^^^^^^^^^^^^^^^^^^^^^^^^^^^ 
mutable borrow occurs here

error[E0502]: cannot borrow 
`self.selected_indices` as mutable 
because it is also borrowed as 
immutable
   --> 
vsd\src\stream_selector.rs:111:17
    |
107 |         let aud_streams: 
Vec<_> = self.streams_by_type(MediaT
ype::Audio).collect();
    |                               
    ---- immutable borrow occurs 
here
...
110 |             for (i, _) in 
&aud_streams {
    |                           
------------ immutable borrow later 
used here
111 |                 
self.selected_indices.insert(*i);
    |                 
^^^^^^^^^^^^^^^^^^^^^^^^^^^^^^^^ 
mutable borrow occurs here

error[E0502]: cannot borrow 
`self.selected_indices` as mutable 
because it is also borrowed as 
immutable
   --> 
vsd\src\stream_selector.rs:135:21
    |
107 |         let aud_streams: 
Vec<_> = self.streams_by_type(MediaT
ype::Audio).collect();
    |                               
    ---- immutable borrow occurs 
here
...
133 |             for (i, _) in 
&aud_streams {
    |                           
------------ immutable borrow later 
used here
134 |                 if 
!indices.contains(i) {
135 |                     
self.selected_indices.insert(*i);
    |                     
^^^^^^^^^^^^^^^^^^^^^^^^^^^^^^^^ 
mutable borrow occurs here

error[E0502]: cannot borrow 
`self.selected_indices` as mutable 
because it is also borrowed as 
immutable
   --> 
vsd\src\stream_selector.rs:153:17
    |
149 |         let sub_streams: 
Vec<_> = self.streams_by_type(MediaT
ype::Subtitles).collect();
    |                               
    ---- immutable borrow occurs 
here
...
152 |             for (i, _) in 
&sub_streams {
    |                           
------------ immutable borrow later 
used here
153 |                 
self.selected_indices.insert(*i);
    |                 
^^^^^^^^^^^^^^^^^^^^^^^^^^^^^^^^ 
mutable borrow occurs here

error[E0502]: cannot borrow 
`self.selected_indices` as mutable 
because it is also borrowed as 
immutable
   --> 
vsd\src\stream_selector.rs:177:21
    |
149 |         let sub_streams: 
Vec<_> = self.streams_by_type(MediaT
ype::Subtitles).collect();
    |                               
    ---- immutable borrow occurs 
here
...
175 |             for (i, _) in 
&sub_streams {
    |                           
------------ immutable borrow later 
used here
176 |                 if 
!indices.contains(i) {
177 |                     
self.selected_indices.insert(*i);
    |                     
^^^^^^^^^^^^^^^^^^^^^^^^^^^^^^^^ 
mutable borrow occurs here

For more information about this 
error, try `rustc --explain E0502`.
error: could not compile `vsd` 
(lib) due to 6 previous errors
